"example.com","test status","a627088f116f56d0d7c665b546b78dbb|70ff69f510e9e3fb4e56641db8a7cd9d|c00773374457479e1070aa75a8d8fb3e"